// Jest Snapshot v1, https://goo.gl/fbAQLP

exports[`Storyshots components/Alert Basic 1`] = `
<div
  className="MuiGrid-root MuiGrid-container MuiGrid-spacing-xs-2 css-f1hklk-MuiGrid-root"
>
  <div
    className="MuiGrid-root MuiGrid-item MuiGrid-grid-xs-12 MuiGrid-grid-md-8 css-96cyy-MuiGrid-root"
  >
    <div
      className="MuiPaper-root MuiPaper-elevation MuiPaper-elevation0 MuiAlert-root MuiAlert-standardInfo MuiAlert-standard css-nlum92-MuiPaper-root-MuiAlert-root"
      role="alert"
    >
      <div
        className="MuiAlert-icon css-1ytlwq5-MuiAlert-icon"
      >
        <svg
          aria-hidden={true}
          className="MuiSvgIcon-root MuiSvgIcon-fontSizeInherit css-1vooibu-MuiSvgIcon-root"
          data-testid="InfoOutlinedIcon"
          focusable="false"
          viewBox="0 0 24 24"
        >
          <path
            d="M11,9H13V7H11M12,20C7.59,20 4,16.41 4,12C4,7.59 7.59,4 12,4C16.41,4 20,7.59 20, 12C20,16.41 16.41,20 12,20M12,2A10,10 0 0,0 2,12A10,10 0 0,0 12,22A10,10 0 0,0 22,12A10, 10 0 0,0 12,2M11,17H13V11H11V17Z"
          />
        </svg>
      </div>
      <div
        className="MuiAlert-message css-acap47-MuiAlert-message"
      >
        Alert content
      </div>
    </div>
  </div>
  <div
    className="MuiGrid-root MuiGrid-item MuiGrid-grid-xs-12 MuiGrid-grid-md-8 css-96cyy-MuiGrid-root"
  >
    <div
      className="MuiPaper-root MuiPaper-elevation MuiPaper-elevation0 MuiAlert-root MuiAlert-standardSuccess MuiAlert-standard css-25jzem-MuiPaper-root-MuiAlert-root"
      role="alert"
    >
      <div
        className="MuiAlert-icon css-1ytlwq5-MuiAlert-icon"
      >
        <svg
          aria-hidden={true}
          className="MuiSvgIcon-root MuiSvgIcon-fontSizeInherit css-1vooibu-MuiSvgIcon-root"
          data-testid="SuccessOutlinedIcon"
          focusable="false"
          viewBox="0 0 24 24"
        >
          <path
            d="M20,12A8,8 0 0,1 12,20A8,8 0 0,1 4,12A8,8 0 0,1 12,4C12.76,4 13.5,4.11 14.2, 4.31L15.77,2.74C14.61,2.26 13.34,2 12,2A10,10 0 0,0 2,12A10,10 0 0,0 12,22A10,10 0 0, 0 22,12M7.91,10.08L6.5,11.5L11,16L21,6L19.59,4.58L11,13.17L7.91,10.08Z"
          />
        </svg>
      </div>
      <div
        className="MuiAlert-message css-acap47-MuiAlert-message"
      >
        Alert content
      </div>
    </div>
  </div>
  <div
    className="MuiGrid-root MuiGrid-item MuiGrid-grid-xs-12 MuiGrid-grid-md-8 css-96cyy-MuiGrid-root"
  >
    <div
      className="MuiPaper-root MuiPaper-elevation MuiPaper-elevation0 MuiAlert-root MuiAlert-standardWarning MuiAlert-standard css-v802mh-MuiPaper-root-MuiAlert-root"
      role="alert"
    >
      <div
        className="MuiAlert-icon css-1ytlwq5-MuiAlert-icon"
      >
        <svg
          aria-hidden={true}
          className="MuiSvgIcon-root MuiSvgIcon-fontSizeInherit css-1vooibu-MuiSvgIcon-root"
          data-testid="ReportProblemOutlinedIcon"
          focusable="false"
          viewBox="0 0 24 24"
        >
          <path
            d="M12 5.99L19.53 19H4.47L12 5.99M12 2L1 21h22L12 2zm1 14h-2v2h2v-2zm0-6h-2v4h2v-4z"
          />
        </svg>
      </div>
      <div
        className="MuiAlert-message css-acap47-MuiAlert-message"
      >
        Alert content
      </div>
    </div>
  </div>
  <div
    className="MuiGrid-root MuiGrid-item MuiGrid-grid-xs-12 MuiGrid-grid-md-8 css-96cyy-MuiGrid-root"
  >
    <div
      className="MuiPaper-root MuiPaper-elevation MuiPaper-elevation0 MuiAlert-root MuiAlert-standardError MuiAlert-standard css-1dm51fe-MuiPaper-root-MuiAlert-root"
      role="alert"
    >
      <div
        className="MuiAlert-icon css-1ytlwq5-MuiAlert-icon"
      >
        <svg
          aria-hidden={true}
          className="MuiSvgIcon-root MuiSvgIcon-fontSizeInherit css-1vooibu-MuiSvgIcon-root"
          data-testid="ErrorOutlineIcon"
          focusable="false"
          viewBox="0 0 24 24"
        >
          <path
            d="M11 15h2v2h-2zm0-8h2v6h-2zm.99-5C6.47 2 2 6.48 2 12s4.47 10 9.99 10C17.52 22 22 17.52 22 12S17.52 2 11.99 2zM12 20c-4.42 0-8-3.58-8-8s3.58-8 8-8 8 3.58 8 8-3.58 8-8 8z"
          />
        </svg>
      </div>
      <div
        className="MuiAlert-message css-acap47-MuiAlert-message"
      >
        Alert content
      </div>
    </div>
  </div>
</div>
`;

exports[`Storyshots components/Typography All Variants Demo 1`] = `
<div
  className="css-1a8w37c MuiBox-root"
>
  <h1
    className="MuiTypography-root MuiTypography-h1 MuiTypography-gutterBottom css-byost0-MuiTypography-root"
  >
    h1. Heading
  </h1>
  <h2
    className="MuiTypography-root MuiTypography-h2 MuiTypography-gutterBottom css-dg43gp-MuiTypography-root"
  >
    h2. Heading
  </h2>
  <h3
    className="MuiTypography-root MuiTypography-h3 MuiTypography-gutterBottom css-egt49a-MuiTypography-root"
  >
    h3. Heading
  </h3>
  <h4
    className="MuiTypography-root MuiTypography-h4 MuiTypography-gutterBottom css-1olza68-MuiTypography-root"
  >
    h4. Heading
  </h4>
  <h5
    className="MuiTypography-root MuiTypography-h5 MuiTypography-gutterBottom css-1lpc9u6-MuiTypography-root"
  >
    h5. Heading
  </h5>
  <h6
    className="MuiTypography-root MuiTypography-h6 MuiTypography-gutterBottom css-12qxiu8-MuiTypography-root"
  >
    h6. Heading
  </h6>
  <h6
    className="MuiTypography-root MuiTypography-subtitle1 MuiTypography-gutterBottom css-1wi6q8w-MuiTypography-root"
  >
    subtitle1. Lorem ipsum dolor sit amet, consectetur adipisicing elit. Quos blanditiis tenetur
  </h6>
  <h6
    className="MuiTypography-root MuiTypography-subtitle2 MuiTypography-gutterBottom css-159mhrp-MuiTypography-root"
  >
    subtitle2. Lorem ipsum dolor sit amet, consectetur adipisicing elit. Quos blanditiis tenetur
  </h6>
  <p
    className="MuiTypography-root MuiTypography-body1 MuiTypography-gutterBottom css-ud4nx2-MuiTypography-root"
  >
    body1. Lorem ipsum dolor sit amet, consectetur adipisicing elit. Quos blanditiis tenetur unde suscipit, quam beatae rerum inventore consectetur, neque doloribus, cupiditate numquam dignissimos laborum fugiat deleniti? Eum quasi quidem quibusdam.
  </p>
  <p
    className="MuiTypography-root MuiTypography-body2 MuiTypography-gutterBottom css-1bcqtvx-MuiTypography-root"
  >
    body2. Lorem ipsum dolor sit amet, consectetur adipisicing elit. Quos blanditiis tenetur unde suscipit, quam beatae rerum inventore consectetur, neque doloribus, cupiditate numquam dignissimos laborum fugiat deleniti? Eum quasi quidem quibusdam.
  </p>
  <span
    className="MuiTypography-root MuiTypography-button MuiTypography-gutterBottom css-1hq2kde-MuiTypography-root"
  >
    button text
  </span>
  <span
    className="MuiTypography-root MuiTypography-caption MuiTypography-gutterBottom css-lnqxs1-MuiTypography-root"
  >
    caption text
  </span>
  <span
    className="MuiTypography-root MuiTypography-overline MuiTypography-gutterBottom css-9iqnuz-MuiTypography-root"
  >
    overline text
  </span>
</div>
`;
