// Jest Snapshot v1, https://goo.gl/fbAQLP

exports[`auth.service getAccountRoles returns Account Roles 1`] = `
Array [
  Object {
    "name": "owner",
    "permissions": Array [
      "Hr_Access",
      "Hr_CreateOrgAccount",
      "Hr_ListOrgAccounts",
      "Hr_UpdateOrgAccountStatus",
      "Academic_CreateAcademicSubject",
      "Academic_ListAcademicSubjects",
      "Academic_SetAcademicSubjectPublication",
      "Academic_UpdateAcademicSubject",
      "Academic_ListCourses",
      "Academic_UpdateCourse",
      "Academic_CreateCourse",
      "Academic_AddStudentsToCourse",
      "Academic_AddLecturersToCourse",
      "Academic_RemoveStudentsFromCourse",
      "Academic_RemoveLecturersFromCourse",
      "Academic_AcademicSubject_Access",
      "Academic_Course_Access",
      "Classwork_ListClassworkAssignment",
      "Classwork_CreateClassworkAssignment",
      "Classwork_SetClassworkAssignmentPublication",
      "Classwork_UpdateClassworkAssignment",
      "OrgOffice_Access",
      "OrgOffice_ListOrgOffices",
      "OrgOffice_CreateOrgOffice",
      "OrgOffice_UpdateOrgOffice",
    ],
    "priority": 1,
  },
  Object {
    "name": "staff",
    "permissions": Array [
      "Hr_Access",
      "Hr_CreateOrgAccount",
      "Hr_ListOrgAccounts",
      "Hr_UpdateOrgAccountStatus",
      "Academic_CreateAcademicSubject",
      "Academic_ListAcademicSubjects",
      "Academic_SetAcademicSubjectPublication",
      "Academic_UpdateAcademicSubject",
      "Academic_ListCourses",
      "Academic_UpdateCourse",
      "Academic_CreateCourse",
      "Academic_AddStudentsToCourse",
      "Academic_AddLecturersToCourse",
      "Academic_RemoveStudentsFromCourse",
      "Academic_RemoveLecturersFromCourse",
      "Academic_AcademicSubject_Access",
      "Academic_Course_Access",
      "Classwork_ListClassworkAssignment",
      "Classwork_CreateClassworkAssignment",
      "Classwork_SetClassworkAssignmentPublication",
      "Classwork_UpdateClassworkAssignment",
    ],
    "priority": 3,
  },
]
`;
