// Jest Snapshot v1, https://goo.gl/fbAQLP

exports[`orgRolesMap should match snapshot 1`] = `
Array [
  Object {
    "name": "owner",
    "permissions": Array [
      "Hr_Access",
      "Hr_CreateOrgAccount",
      "Hr_ListOrgAccounts",
      "Hr_UpdateOrgAccountStatus",
      "Academic_CreateAcademicSubject",
      "Academic_ListAcademicSubjects",
      "Academic_SetAcademicSubjectPublication",
      "OrgOffice_ListOrgOffices",
      "OrgOffice_CreateOrgOffice",
    ],
    "priority": 1,
  },
  Object {
    "name": "admin",
    "permissions": Array [
      "Hr_Access",
      "Hr_CreateOrgAccount",
      "Hr_ListOrgAccounts",
      "Hr_UpdateOrgAccountStatus",
      "Academic_CreateAcademicSubject",
      "Academic_ListAcademicSubjects",
      "Academic_SetAcademicSubjectPublication",
      "OrgOffice_ListOrgOffices",
      "OrgOffice_CreateOrgOffice",
    ],
    "priority": 2,
  },
  Object {
    "name": "staff",
    "permissions": Array [
      "Hr_Access",
      "Hr_CreateOrgAccount",
      "Hr_ListOrgAccounts",
      "Hr_UpdateOrgAccountStatus",
      "Academic_CreateAcademicSubject",
      "Academic_ListAcademicSubjects",
      "Academic_SetAcademicSubjectPublication",
      "OrgOffice_ListOrgOffices",
    ],
    "priority": 3,
  },
  Object {
    "name": "lecturer",
    "permissions": Array [],
    "priority": 4,
  },
  Object {
    "name": "student",
    "permissions": Array [],
    "priority": 4,
  },
]
`;
